decoder:
    dec_err:
        cname: dec_err
        direction: output
        heiarchy: decoder_dec_err
        name: dec_err
        type: fluid
        width: 1
    decoded_binary:
        cname: decoded_binary
        direction: output
        heiarchy: decoder_decoded_binary
        name: decoded_binary
        type: fluid
        width: 3
    ingress_pkt_field:
        cname: ingress_pkt_field
        direction: input
        heiarchy: decoder_ingress_pkt_field
        name: ingress_pkt_field
        type: fluid
        width: 32
