demux:
    egress0:
        egr0_data:
            cname: egress0_egr0_data
            direction: output
            heiarchy: demux_egress0_egr0_data
            name: egr0_data
            type: fluid
            width: 36
        egr0_ready:
            cname: egress0_egr0_ready
            direction: input
            heiarchy: demux_egress0_egr0_ready
            name: egr0_ready
            type: nonfluid
            width: 1
        egr0_valid:
            cname: egress0_egr0_valid
            direction: output
            heiarchy: demux_egress0_egr0_valid
            name: egr0_valid
            type: nonfluid
            width: 1
    egress1:
        egr1_data:
            cname: egress1_egr1_data
            direction: output
            heiarchy: demux_egress1_egr1_data
            name: egr1_data
            type: fluid
            width: 36
        egr1_ready:
            cname: egress1_egr1_ready
            direction: input
            heiarchy: demux_egress1_egr1_ready
            name: egr1_ready
            type: nonfluid
            width: 1
        egr1_valid:
            cname: egress1_egr1_valid
            direction: output
            heiarchy: demux_egress1_egr1_valid
            name: egr1_valid
            type: nonfluid
            width: 1
    egress10:
        egr10_data:
            cname: egress1_egr1_data
            direction: output
            heiarchy: demux_egress1_egr1_data
            name: egr1_data
            type: fluid
            width: 36
        egr10_ready:
            cname: egress1_egr1_ready
            direction: input
            heiarchy: demux_egress1_egr1_ready
            name: egr1_ready
            type: nonfluid
            width: 1
        egr10_valid:
            cname: egress1_egr1_valid
            direction: output
            heiarchy: demux_egress1_egr1_valid
            name: egr1_valid
            type: nonfluid
            width: 1
    egress11:
        egr11_data:
            cname: egress1_egr1_data
            direction: output
            heiarchy: demux_egress1_egr1_data
            name: egr1_data
            type: fluid
            width: 36
        egr11_ready:
            cname: egress1_egr1_ready
            direction: input
            heiarchy: demux_egress1_egr1_ready
            name: egr1_ready
            type: nonfluid
            width: 1
        egr11_valid:
            cname: egress1_egr1_valid
            direction: output
            heiarchy: demux_egress1_egr1_valid
            name: egr1_valid
            type: nonfluid
            width: 1
    egress12:
        egr12_data:
            cname: egress1_egr1_data
            direction: output
            heiarchy: demux_egress1_egr1_data
            name: egr1_data
            type: fluid
            width: 36
        egr12_ready:
            cname: egress1_egr1_ready
            direction: input
            heiarchy: demux_egress1_egr1_ready
            name: egr1_ready
            type: nonfluid
            width: 1
        egr12_valid:
            cname: egress1_egr1_valid
            direction: output
            heiarchy: demux_egress1_egr1_valid
            name: egr1_valid
            type: nonfluid
            width: 1
    egress13:
        egr13_data:
            cname: egress1_egr1_data
            direction: output
            heiarchy: demux_egress1_egr1_data
            name: egr1_data
            type: fluid
            width: 36
        egr13_ready:
            cname: egress1_egr1_ready
            direction: input
            heiarchy: demux_egress1_egr1_ready
            name: egr1_ready
            type: nonfluid
            width: 1
        egr13_valid:
            cname: egress1_egr1_valid
            direction: output
            heiarchy: demux_egress1_egr1_valid
            name: egr1_valid
            type: nonfluid
            width: 1
    egress14:
        egr14_data:
            cname: egress1_egr1_data
            direction: output
            heiarchy: demux_egress1_egr1_data
            name: egr1_data
            type: fluid
            width: 36
        egr14_ready:
            cname: egress1_egr1_ready
            direction: input
            heiarchy: demux_egress1_egr1_ready
            name: egr1_ready
            type: nonfluid
            width: 1
        egr14_valid:
            cname: egress1_egr1_valid
            direction: output
            heiarchy: demux_egress1_egr1_valid
            name: egr1_valid
            type: nonfluid
            width: 1
    egress15:
        egr15_data:
            cname: egress1_egr1_data
            direction: output
            heiarchy: demux_egress1_egr1_data
            name: egr1_data
            type: fluid
            width: 36
        egr15_ready:
            cname: egress1_egr1_ready
            direction: input
            heiarchy: demux_egress1_egr1_ready
            name: egr1_ready
            type: nonfluid
            width: 1
        egr15_valid:
            cname: egress1_egr1_valid
            direction: output
            heiarchy: demux_egress1_egr1_valid
            name: egr1_valid
            type: nonfluid
            width: 1
    egress16:
        egr16_data:
            cname: egress1_egr1_data
            direction: output
            heiarchy: demux_egress1_egr1_data
            name: egr1_data
            type: fluid
            width: 36
        egr16_ready:
            cname: egress1_egr1_ready
            direction: input
            heiarchy: demux_egress1_egr1_ready
            name: egr1_ready
            type: nonfluid
            width: 1
        egr16_valid:
            cname: egress1_egr1_valid
            direction: output
            heiarchy: demux_egress1_egr1_valid
            name: egr1_valid
            type: nonfluid
            width: 1
    egress17:
        egr17_data:
            cname: egress1_egr1_data
            direction: output
            heiarchy: demux_egress1_egr1_data
            name: egr1_data
            type: fluid
            width: 36
        egr17_ready:
            cname: egress1_egr1_ready
            direction: input
            heiarchy: demux_egress1_egr1_ready
            name: egr1_ready
            type: nonfluid
            width: 1
        egr17_valid:
            cname: egress1_egr1_valid
            direction: output
            heiarchy: demux_egress1_egr1_valid
            name: egr1_valid
            type: nonfluid
            width: 1
    egress18:
        egr18_data:
            cname: egress1_egr1_data
            direction: output
            heiarchy: demux_egress1_egr1_data
            name: egr1_data
            type: fluid
            width: 36
        egr18_ready:
            cname: egress1_egr1_ready
            direction: input
            heiarchy: demux_egress1_egr1_ready
            name: egr1_ready
            type: nonfluid
            width: 1
        egr18_valid:
            cname: egress1_egr1_valid
            direction: output
            heiarchy: demux_egress1_egr1_valid
            name: egr1_valid
            type: nonfluid
            width: 1
    egress19:
        egr19_data:
            cname: egress1_egr1_data
            direction: output
            heiarchy: demux_egress1_egr1_data
            name: egr1_data
            type: fluid
            width: 36
        egr19_ready:
            cname: egress1_egr1_ready
            direction: input
            heiarchy: demux_egress1_egr1_ready
            name: egr1_ready
            type: nonfluid
            width: 1
        egr19_valid:
            cname: egress1_egr1_valid
            direction: output
            heiarchy: demux_egress1_egr1_valid
            name: egr1_valid
            type: nonfluid
            width: 1
    egress2:
        egr2_data:
            cname: egress1_egr1_data
            direction: output
            heiarchy: demux_egress1_egr1_data
            name: egr1_data
            type: fluid
            width: 36
        egr2_ready:
            cname: egress1_egr1_ready
            direction: input
            heiarchy: demux_egress1_egr1_ready
            name: egr1_ready
            type: nonfluid
            width: 1
        egr2_valid:
            cname: egress1_egr1_valid
            direction: output
            heiarchy: demux_egress1_egr1_valid
            name: egr1_valid
            type: nonfluid
            width: 1
    egress20:
        egr20_data:
            cname: egress1_egr1_data
            direction: output
            heiarchy: demux_egress1_egr1_data
            name: egr1_data
            type: fluid
            width: 36
        egr20_ready:
            cname: egress1_egr1_ready
            direction: input
            heiarchy: demux_egress1_egr1_ready
            name: egr1_ready
            type: nonfluid
            width: 1
        egr20_valid:
            cname: egress1_egr1_valid
            direction: output
            heiarchy: demux_egress1_egr1_valid
            name: egr1_valid
            type: nonfluid
            width: 1
    egress21:
        egr21_data:
            cname: egress1_egr1_data
            direction: output
            heiarchy: demux_egress1_egr1_data
            name: egr1_data
            type: fluid
            width: 36
        egr21_ready:
            cname: egress1_egr1_ready
            direction: input
            heiarchy: demux_egress1_egr1_ready
            name: egr1_ready
            type: nonfluid
            width: 1
        egr21_valid:
            cname: egress1_egr1_valid
            direction: output
            heiarchy: demux_egress1_egr1_valid
            name: egr1_valid
            type: nonfluid
            width: 1
    egress22:
        egr22_data:
            cname: egress1_egr1_data
            direction: output
            heiarchy: demux_egress1_egr1_data
            name: egr1_data
            type: fluid
            width: 36
        egr22_ready:
            cname: egress1_egr1_ready
            direction: input
            heiarchy: demux_egress1_egr1_ready
            name: egr1_ready
            type: nonfluid
            width: 1
        egr22_valid:
            cname: egress1_egr1_valid
            direction: output
            heiarchy: demux_egress1_egr1_valid
            name: egr1_valid
            type: nonfluid
            width: 1
    egress23:
        egr23_data:
            cname: egress1_egr1_data
            direction: output
            heiarchy: demux_egress1_egr1_data
            name: egr1_data
            type: fluid
            width: 36
        egr23_ready:
            cname: egress1_egr1_ready
            direction: input
            heiarchy: demux_egress1_egr1_ready
            name: egr1_ready
            type: nonfluid
            width: 1
        egr23_valid:
            cname: egress1_egr1_valid
            direction: output
            heiarchy: demux_egress1_egr1_valid
            name: egr1_valid
            type: nonfluid
            width: 1
    egress24:
        egr24_data:
            cname: egress1_egr1_data
            direction: output
            heiarchy: demux_egress1_egr1_data
            name: egr1_data
            type: fluid
            width: 36
        egr24_ready:
            cname: egress1_egr1_ready
            direction: input
            heiarchy: demux_egress1_egr1_ready
            name: egr1_ready
            type: nonfluid
            width: 1
        egr24_valid:
            cname: egress1_egr1_valid
            direction: output
            heiarchy: demux_egress1_egr1_valid
            name: egr1_valid
            type: nonfluid
            width: 1
    egress25:
        egr25_data:
            cname: egress1_egr1_data
            direction: output
            heiarchy: demux_egress1_egr1_data
            name: egr1_data
            type: fluid
            width: 36
        egr25_ready:
            cname: egress1_egr1_ready
            direction: input
            heiarchy: demux_egress1_egr1_ready
            name: egr1_ready
            type: nonfluid
            width: 1
        egr25_valid:
            cname: egress1_egr1_valid
            direction: output
            heiarchy: demux_egress1_egr1_valid
            name: egr1_valid
            type: nonfluid
            width: 1
    egress26:
        egr26_data:
            cname: egress1_egr1_data
            direction: output
            heiarchy: demux_egress1_egr1_data
            name: egr1_data
            type: fluid
            width: 36
        egr26_ready:
            cname: egress1_egr1_ready
            direction: input
            heiarchy: demux_egress1_egr1_ready
            name: egr1_ready
            type: nonfluid
            width: 1
        egr26_valid:
            cname: egress1_egr1_valid
            direction: output
            heiarchy: demux_egress1_egr1_valid
            name: egr1_valid
            type: nonfluid
            width: 1
    egress3:
        egr3_data:
            cname: egress1_egr1_data
            direction: output
            heiarchy: demux_egress1_egr1_data
            name: egr1_data
            type: fluid
            width: 36
        egr3_ready:
            cname: egress1_egr1_ready
            direction: input
            heiarchy: demux_egress1_egr1_ready
            name: egr1_ready
            type: nonfluid
            width: 1
        egr3_valid:
            cname: egress1_egr1_valid
            direction: output
            heiarchy: demux_egress1_egr1_valid
            name: egr1_valid
            type: nonfluid
            width: 1
    egress4:
        egr4_data:
            cname: egress1_egr1_data
            direction: output
            heiarchy: demux_egress1_egr1_data
            name: egr1_data
            type: fluid
            width: 36
        egr4_ready:
            cname: egress1_egr1_ready
            direction: input
            heiarchy: demux_egress1_egr1_ready
            name: egr1_ready
            type: nonfluid
            width: 1
        egr4_valid:
            cname: egress1_egr1_valid
            direction: output
            heiarchy: demux_egress1_egr1_valid
            name: egr1_valid
            type: nonfluid
            width: 1
    egress5:
        egr5_data:
            cname: egress1_egr1_data
            direction: output
            heiarchy: demux_egress1_egr1_data
            name: egr1_data
            type: fluid
            width: 36
        egr5_ready:
            cname: egress1_egr1_ready
            direction: input
            heiarchy: demux_egress1_egr1_ready
            name: egr1_ready
            type: nonfluid
            width: 1
        egr5_valid:
            cname: egress1_egr1_valid
            direction: output
            heiarchy: demux_egress1_egr1_valid
            name: egr1_valid
            type: nonfluid
            width: 1
    egress6:
        egr6_data:
            cname: egress1_egr1_data
            direction: output
            heiarchy: demux_egress1_egr1_data
            name: egr1_data
            type: fluid
            width: 36
        egr6_ready:
            cname: egress1_egr1_ready
            direction: input
            heiarchy: demux_egress1_egr1_ready
            name: egr1_ready
            type: nonfluid
            width: 1
        egr6_valid:
            cname: egress1_egr1_valid
            direction: output
            heiarchy: demux_egress1_egr1_valid
            name: egr1_valid
            type: nonfluid
            width: 1
    egress7:
        egr7_data:
            cname: egress1_egr1_data
            direction: output
            heiarchy: demux_egress1_egr1_data
            name: egr1_data
            type: fluid
            width: 36
        egr7_ready:
            cname: egress1_egr1_ready
            direction: input
            heiarchy: demux_egress1_egr1_ready
            name: egr1_ready
            type: nonfluid
            width: 1
        egr7_valid:
            cname: egress1_egr1_valid
            direction: output
            heiarchy: demux_egress1_egr1_valid
            name: egr1_valid
            type: nonfluid
            width: 1
    egress8:
        egr8_data:
            cname: egress1_egr1_data
            direction: output
            heiarchy: demux_egress1_egr1_data
            name: egr1_data
            type: fluid
            width: 36
        egr8_ready:
            cname: egress1_egr1_ready
            direction: input
            heiarchy: demux_egress1_egr1_ready
            name: egr1_ready
            type: nonfluid
            width: 1
        egr8_valid:
            cname: egress1_egr1_valid
            direction: output
            heiarchy: demux_egress1_egr1_valid
            name: egr1_valid
            type: nonfluid
            width: 1
    egress9:
        egr9_data:
            cname: egress1_egr1_data
            direction: output
            heiarchy: demux_egress1_egr1_data
            name: egr1_data
            type: fluid
            width: 36
        egr9_ready:
            cname: egress1_egr1_ready
            direction: input
            heiarchy: demux_egress1_egr1_ready
            name: egr1_ready
            type: nonfluid
            width: 1
        egr9_valid:
            cname: egress1_egr1_valid
            direction: output
            heiarchy: demux_egress1_egr1_valid
            name: egr1_valid
            type: nonfluid
            width: 1
    ingress:
        ing_data:
            cname: ingress_ing_data
            direction: input
            heiarchy: demux_ingress_ing_data
            name: ing_data
            type: fluid
            width: 36
        ing_ready:
            cname: ingress_ing_ready
            direction: output
            heiarchy: demux_ingress_ing_ready
            name: ing_ready
            type: nonfluid
            width: 1
        ing_valid:
            cname: ingress_ing_valid
            direction: input
            heiarchy: demux_ingress_ing_valid
            name: ing_valid
            type: nonfluid
            width: 1
