demux:
    egress0:
        egr0_data:
            direction: output
            type: fluid
            width: 18
        egr0_ready:
            direction: input
            type: nonfluid
            width: 1
        egr0_valid:
            direction: output
            type: nonfluid
            width: 1
    egress1:
        egr1_data:
            direction: output
            type: fluid
            width: 18
        egr1_ready:
            direction: input
            type: nonfluid
            width: 1
        egr1_valid:
            direction: output
            type: nonfluid
            width: 1
    egress2:
        demux.egress2.egr2_data:
            direction: output
            type: fluid
            width: 18
        demux.egress2.egr2_ready:
            direction: input
            type: nonfluid
            width: 1
        demux.egress2.egr2_valid:
            direction: output
            type: nonfluid
            width: 1
    egress3:
        demux.egress3.egr3_data:
            direction: output
            type: fluid
            width: 18
        demux.egress3.egr3_ready:
            direction: input
            type: nonfluid
            width: 1
        demux.egress3.egr3_valid:
            direction: output
            type: nonfluid
            width: 1
    egress4:
        demux.egress4.egr4_data:
            direction: output
            type: fluid
            width: 18
        demux.egress4.egr4_ready:
            direction: input
            type: nonfluid
            width: 1
        demux.egress4.egr4_valid:
            direction: output
            type: nonfluid
            width: 1
    egress5:
        demux.egress5.egr5_data:
            direction: output
            type: fluid
            width: 18
        demux.egress5.egr5_ready:
            direction: input
            type: nonfluid
            width: 1
        demux.egress5.egr5_valid:
            direction: output
            type: nonfluid
            width: 1
    egress6:
        demux.egress6.egr6_data:
            direction: output
            type: fluid
            width: 18
        demux.egress6.egr6_ready:
            direction: input
            type: nonfluid
            width: 1
        demux.egress6.egr6_valid:
            direction: output
            type: nonfluid
            width: 1
    ingress:
        ing_data:
            direction: input
            type: fluid
            width: 18
        ing_ready:
            direction: output
            type: nonfluid
            width: 1
        ing_valid:
            direction: input
            type: nonfluid
            width: 1
