/sharedprojects/axi_ips/wb2axip/wb2axip/trunk/bench/formal/fav_slave.v
/sharedprojects/axi_ips/wb2axip/wb2axip/trunk/bench/formal/faxi_master.v
/sharedprojects/axi_ips/wb2axip/wb2axip/trunk/bench/formal/faxi_slave.v
/sharedprojects/axi_ips/wb2axip/wb2axip/trunk/bench/formal/faxil_master.v
/sharedprojects/axi_ips/wb2axip/wb2axip/trunk/bench/formal/faxil_slave.v
/sharedprojects/axi_ips/wb2axip/wb2axip/trunk/bench/formal/fwb_master.v
/sharedprojects/axi_ips/wb2axip/wb2axip/trunk/bench/formal/fwb_slave.v
/sharedprojects/axi_ips/wb2axip/wb2axip/trunk/bench/formal/xlnxdemo.v
/sharedprojects/axi_ips/wb2axip/wb2axip/trunk/rtl/axilrd2wbsp.v
/sharedprojects/axi_ips/wb2axip/wb2axip/trunk/rtl/axilwr2wbsp.v
/sharedprojects/axi_ips/wb2axip/wb2axip/trunk/rtl/axim2wbsp.v
/sharedprojects/axi_ips/wb2axip/wb2axip/trunk/rtl/aximrd2wbsp.v
/sharedprojects/axi_ips/wb2axip/wb2axip/trunk/rtl/aximwr2wbsp.v
/sharedprojects/axi_ips/wb2axip/wb2axip/trunk/rtl/axlite2wbsp.v
/sharedprojects/axi_ips/wb2axip/wb2axip/trunk/rtl/demoaxi.v
/sharedprojects/axi_ips/wb2axip/wb2axip/trunk/rtl/migsdram.v
/sharedprojects/axi_ips/wb2axip/wb2axip/trunk/rtl/wbarbiter.v
/sharedprojects/axi_ips/wb2axip/wb2axip/trunk/rtl/wbm2axilite.v
/sharedprojects/axi_ips/wb2axip/wb2axip/trunk/rtl/wbm2axisp.v
/sharedprojects/axi_ips/wb2axip/wb2axip/trunk/rtl/wbxbar.v
